// Jest Snapshot v1, https://goo.gl/fbAQLP

exports[`App has a valid snapshot 1`] = `
<div
  className="page"
>
  <div
    className="interactions"
  >
    <div>
      Loading ...
    </div>
    <div
      className="interactions"
    >
      <img
        alt="yeah"
        className="App-logo"
        src="logo.svg"
      />
      <div
        className="table"
      />
      <div>
        Loading ...
      </div>
    </div>
  </div>
</div>
`;

exports[`Button has a valid snapshot 1`] = `
<button
  className=""
  onClick={[Function]}
  type="button"
>
  Give Me More
</button>
`;

exports[`Search has a valid snapshot 1`] = `
<form
  onSubmit={undefined}
>
  <input
    onChange={undefined}
    onFocus={[Function]}
    type="text"
    value={undefined}
  />
  <button
    type="submit"
  >
    Search
  </button>
</form>
`;
